24 Aug 2019
	18:00:00  .. HH:MM:SS  SUMMARY=>{Akademie der Künste: Was der Körper erinnert. Zur Aktualität des Tanzerbes; Das Jahrhundert des Tanzes} LOCATION=>{Hanseatenweg 10, 10557 Berlin-Tiergarten} URL=>{http://www.adk.de/de/programm/?we_objectID=59884}

		ORGANIZER=>{AdK}

		DESCRIPTION=>{

			{In deutscher Sprache}
			{Eintritt frei}

		}

		CREATED=>{20190822T141444Z}
		DTSTAMP=>{20190822T141444Z}
		LAST-MODIFIED=>{20190822T141444Z}
		UID=>{59884@adk.de }
